// Jest Snapshot v1, https://goo.gl/fbAQLP

exports[`Button Component Should render correctly 1`] = `
<View
  accessibilityState={
    {
      "busy": undefined,
      "checked": undefined,
      "disabled": undefined,
      "expanded": undefined,
      "selected": undefined,
    }
  }
  accessibilityValue={
    {
      "max": undefined,
      "min": undefined,
      "now": undefined,
      "text": undefined,
    }
  }
  accessible={true}
  collapsable={false}
  focusable={true}
  onClick={[Function]}
  onResponderGrant={[Function]}
  onResponderMove={[Function]}
  onResponderRelease={[Function]}
  onResponderTerminate={[Function]}
  onResponderTerminationRequest={[Function]}
  onStartShouldSetResponder={[Function]}
  style={
    {
      "alignItems": "center",
      "backgroundColor": "#6A6A6A",
      "borderBottomLeftRadius": 10,
      "borderBottomRightRadius": 10,
      "borderTopLeftRadius": 10,
      "borderTopRightRadius": 10,
      "height": 50,
      "justifyContent": "center",
      "opacity": 1,
      "width": "100%",
    }
  }
  testID="button-testid"
>
  <Text
    style={
      {
        "color": "#fff",
        "fontSize": 12,
        "fontWeight": "medium",
      }
    }
  >
    Click me
     salve
  </Text>
</View>
`;
